Archive member included because of file (symbol)

c:/freescale/kds_v3/toolchain/bin/../lib/gcc/arm-none-eabi/4.8.4/armv6-m\libgcc.a(_udivsi3.o)
                              ./Sources/Sources/uart.o (__aeabi_uidiv)
c:/freescale/kds_v3/toolchain/bin/../lib/gcc/arm-none-eabi/4.8.4/armv6-m\libgcc.a(_dvmd_tls.o)
                              c:/freescale/kds_v3/toolchain/bin/../lib/gcc/arm-none-eabi/4.8.4/armv6-m\libgcc.a(_udivsi3.o) (__aeabi_idiv0)
c:/freescale/kds_v3/toolchain/bin/../lib/gcc/arm-none-eabi/4.8.4/armv6-m\libgcc.a(_fixunsdfsi.o)
                              ./Sources/Sources/applic.o (__aeabi_d2uiz)
c:/freescale/kds_v3/toolchain/bin/../lib/gcc/arm-none-eabi/4.8.4/armv6-m\libgcc.a(muldf3.o)
                              ./Sources/Sources/applic.o (__aeabi_dmul)
c:/freescale/kds_v3/toolchain/bin/../lib/gcc/arm-none-eabi/4.8.4/armv6-m\libgcc.a(subdf3.o)
                              c:/freescale/kds_v3/toolchain/bin/../lib/gcc/arm-none-eabi/4.8.4/armv6-m\libgcc.a(_fixunsdfsi.o) (__aeabi_dsub)
c:/freescale/kds_v3/toolchain/bin/../lib/gcc/arm-none-eabi/4.8.4/armv6-m\libgcc.a(fixdfsi.o)
                              c:/freescale/kds_v3/toolchain/bin/../lib/gcc/arm-none-eabi/4.8.4/armv6-m\libgcc.a(_fixunsdfsi.o) (__aeabi_d2iz)
c:/freescale/kds_v3/toolchain/bin/../lib/gcc/arm-none-eabi/4.8.4/armv6-m\libgcc.a(floatsidf.o)
                              ./Sources/Sources/applic.o (__aeabi_i2d)
c:/freescale/kds_v3/toolchain/bin/../lib/gcc/arm-none-eabi/4.8.4/armv6-m\libgcc.a(_arm_cmpdf2.o)
                              c:/freescale/kds_v3/toolchain/bin/../lib/gcc/arm-none-eabi/4.8.4/armv6-m\libgcc.a(_fixunsdfsi.o) (__aeabi_dcmpge)
c:/freescale/kds_v3/toolchain/bin/../lib/gcc/arm-none-eabi/4.8.4/armv6-m\libgcc.a(_clzsi2.o)
                              c:/freescale/kds_v3/toolchain/bin/../lib/gcc/arm-none-eabi/4.8.4/armv6-m\libgcc.a(muldf3.o) (__clzsi2)
c:/freescale/kds_v3/toolchain/bin/../lib/gcc/arm-none-eabi/4.8.4/armv6-m\libgcc.a(eqdf2.o)
                              c:/freescale/kds_v3/toolchain/bin/../lib/gcc/arm-none-eabi/4.8.4/armv6-m\libgcc.a(_arm_cmpdf2.o) (__eqdf2)
c:/freescale/kds_v3/toolchain/bin/../lib/gcc/arm-none-eabi/4.8.4/armv6-m\libgcc.a(gedf2.o)
                              c:/freescale/kds_v3/toolchain/bin/../lib/gcc/arm-none-eabi/4.8.4/armv6-m\libgcc.a(_arm_cmpdf2.o) (__gedf2)
c:/freescale/kds_v3/toolchain/bin/../lib/gcc/arm-none-eabi/4.8.4/armv6-m\libgcc.a(ledf2.o)
                              c:/freescale/kds_v3/toolchain/bin/../lib/gcc/arm-none-eabi/4.8.4/armv6-m\libgcc.a(_arm_cmpdf2.o) (__ledf2)
c:/freescale/kds_v3/toolchain/bin/../lib/gcc/arm-none-eabi/4.8.4/../../../../arm-none-eabi/lib/armv6-m\libg_s.a(lib_a-exit.o)
                              c:/freescale/kds_v3/toolchain/bin/../lib/gcc/arm-none-eabi/4.8.4/../../../../arm-none-eabi/lib/armv6-m/crt0.o (exit)
c:/freescale/kds_v3/toolchain/bin/../lib/gcc/arm-none-eabi/4.8.4/../../../../arm-none-eabi/lib/armv6-m\libg_s.a(lib_a-impure.o)
                              c:/freescale/kds_v3/toolchain/bin/../lib/gcc/arm-none-eabi/4.8.4/../../../../arm-none-eabi/lib/armv6-m\libg_s.a(lib_a-exit.o) (_global_impure_ptr)
c:/freescale/kds_v3/toolchain/bin/../lib/gcc/arm-none-eabi/4.8.4/../../../../arm-none-eabi/lib/armv6-m\libg_s.a(lib_a-init.o)
                              c:/freescale/kds_v3/toolchain/bin/../lib/gcc/arm-none-eabi/4.8.4/../../../../arm-none-eabi/lib/armv6-m/crt0.o (__libc_init_array)
c:/freescale/kds_v3/toolchain/bin/../lib/gcc/arm-none-eabi/4.8.4/../../../../arm-none-eabi/lib/armv6-m\libg_s.a(lib_a-memset.o)
                              c:/freescale/kds_v3/toolchain/bin/../lib/gcc/arm-none-eabi/4.8.4/../../../../arm-none-eabi/lib/armv6-m/crt0.o (memset)
c:/freescale/kds_v3/toolchain/bin/../lib/gcc/arm-none-eabi/4.8.4/../../../../arm-none-eabi/lib/armv6-m\libnosys.a(_exit.o)
                              c:/freescale/kds_v3/toolchain/bin/../lib/gcc/arm-none-eabi/4.8.4/../../../../arm-none-eabi/lib/armv6-m\libg_s.a(lib_a-exit.o) (_exit)

Allocating common symbols
Common symbol       size              file

point               0x4               ./Sources/Sources/uart.o
rec1                0x1               ./Sources/Sources/uart.o
ready               0x1               ./Sources/Sources/dma.o
value               0x80              ./Sources/Sources/dma.o

Discarded input sections

 .text          0x00000000        0x0 c:/freescale/kds_v3/toolchain/bin/../lib/gcc/arm-none-eabi/4.8.4/armv6-m/crti.o
 .data          0x00000000        0x0 c:/freescale/kds_v3/toolchain/bin/../lib/gcc/arm-none-eabi/4.8.4/armv6-m/crti.o
 .bss           0x00000000        0x0 c:/freescale/kds_v3/toolchain/bin/../lib/gcc/arm-none-eabi/4.8.4/armv6-m/crti.o
 .data          0x00000000        0x4 c:/freescale/kds_v3/toolchain/bin/../lib/gcc/arm-none-eabi/4.8.4/armv6-m/crtbegin.o
 .data          0x00000000        0x0 c:/freescale/kds_v3/toolchain/bin/../lib/gcc/arm-none-eabi/4.8.4/../../../../arm-none-eabi/lib/armv6-m/crt0.o
 .bss           0x00000000        0x0 c:/freescale/kds_v3/toolchain/bin/../lib/gcc/arm-none-eabi/4.8.4/../../../../arm-none-eabi/lib/armv6-m/crt0.o
 .ARM.extab     0x00000000        0x0 c:/freescale/kds_v3/toolchain/bin/../lib/gcc/arm-none-eabi/4.8.4/../../../../arm-none-eabi/lib/armv6-m/crt0.o
 .group         0x00000000        0x8 ./Sources/Sources/adc.o
 .group         0x00000000        0x8 ./Sources/Sources/adc.o
 .group         0x00000000        0x8 ./Sources/Sources/adc.o
 .group         0x00000000        0x8 ./Sources/Sources/adc.o
 .group         0x00000000        0x8 ./Sources/Sources/adc.o
 .group         0x00000000        0x8 ./Sources/Sources/adc.o
 .group         0x00000000        0x8 ./Sources/Sources/adc.o
 .group         0x00000000        0x8 ./Sources/Sources/adc.o
 .group         0x00000000        0x8 ./Sources/Sources/adc.o
 .group         0x00000000        0x8 ./Sources/Sources/adc.o
 .group         0x00000000        0x8 ./Sources/Sources/adc.o
 .text          0x00000000        0x0 ./Sources/Sources/adc.o
 .data          0x00000000        0x0 ./Sources/Sources/adc.o
 .bss           0x00000000        0x0 ./Sources/Sources/adc.o
 .group         0x00000000        0x8 ./Sources/Sources/applic.o
 .group         0x00000000        0x8 ./Sources/Sources/applic.o
 .group         0x00000000        0x8 ./Sources/Sources/applic.o
 .group         0x00000000        0x8 ./Sources/Sources/applic.o
 .group         0x00000000        0x8 ./Sources/Sources/applic.o
 .group         0x00000000        0x8 ./Sources/Sources/applic.o
 .group         0x00000000        0x8 ./Sources/Sources/applic.o
 .group         0x00000000        0x8 ./Sources/Sources/applic.o
 .group         0x00000000        0x8 ./Sources/Sources/applic.o
 .group         0x00000000        0x8 ./Sources/Sources/applic.o
 .group         0x00000000        0x8 ./Sources/Sources/applic.o
 .group         0x00000000        0x8 ./Sources/Sources/applic.o
 .group         0x00000000        0x8 ./Sources/Sources/applic.o
 .group         0x00000000        0x8 ./Sources/Sources/applic.o
 .group         0x00000000        0x8 ./Sources/Sources/applic.o
 .group         0x00000000        0x8 ./Sources/Sources/applic.o
 .group         0x00000000        0x8 ./Sources/Sources/applic.o
 .group         0x00000000        0x8 ./Sources/Sources/applic.o
 .group         0x00000000        0x8 ./Sources/Sources/applic.o
 .group         0x00000000        0x8 ./Sources/Sources/applic.o
 .group         0x00000000        0x8 ./Sources/Sources/applic.o
 .group         0x00000000        0x8 ./Sources/Sources/applic.o
 .text          0x00000000        0x0 ./Sources/Sources/applic.o
 .data          0x00000000        0x0 ./Sources/Sources/applic.o
 .bss           0x00000000        0x0 ./Sources/Sources/applic.o
 .bss.high_value
                0x00000000        0x2 ./Sources/Sources/applic.o
 .bss.decay_coeff
                0x00000000        0x2 ./Sources/Sources/applic.o
 .text.peak_data
                0x00000000       0xb0 ./Sources/Sources/applic.o
 .debug_info    0x00000000      0x1f1 ./Sources/Sources/applic.o
 .debug_abbrev  0x00000000       0xc7 ./Sources/Sources/applic.o
 .debug_aranges
                0x00000000       0x20 ./Sources/Sources/applic.o
 .debug_ranges  0x00000000       0x10 ./Sources/Sources/applic.o
 .debug_macro   0x00000000      0x148 ./Sources/Sources/applic.o
 .debug_macro   0x00000000      0x802 ./Sources/Sources/applic.o
 .debug_macro   0x00000000       0x16 ./Sources/Sources/applic.o
 .debug_macro   0x00000000       0x44 ./Sources/Sources/applic.o
 .debug_macro   0x00000000      0x209 ./Sources/Sources/applic.o
 .debug_macro   0x00000000       0x58 ./Sources/Sources/applic.o
 .debug_macro   0x00000000       0x35 ./Sources/Sources/applic.o
 .debug_macro   0x00000000       0xa3 ./Sources/Sources/applic.o
 .debug_macro   0x00000000       0x16 ./Sources/Sources/applic.o
 .debug_macro   0x00000000      0x10e ./Sources/Sources/applic.o
 .debug_macro   0x00000000       0x7f ./Sources/Sources/applic.o
 .debug_macro   0x00000000       0x52 ./Sources/Sources/applic.o
 .debug_macro   0x00000000       0x16 ./Sources/Sources/applic.o
 .debug_macro   0x00000000       0x43 ./Sources/Sources/applic.o
 .debug_macro   0x00000000      0x180 ./Sources/Sources/applic.o
 .debug_macro   0x00000000       0x22 ./Sources/Sources/applic.o
 .debug_macro   0x00000000       0x4c ./Sources/Sources/applic.o
 .debug_macro   0x00000000       0x3a ./Sources/Sources/applic.o
 .debug_macro   0x00000000       0x26 ./Sources/Sources/applic.o
 .debug_macro   0x00000000      0x306 ./Sources/Sources/applic.o
 .debug_macro   0x00000000       0x63 ./Sources/Sources/applic.o
 .debug_macro   0x00000000     0x8398 ./Sources/Sources/applic.o
 .debug_macro   0x00000000       0xde ./Sources/Sources/applic.o
 .debug_line    0x00000000      0x292 ./Sources/Sources/applic.o
 .debug_str     0x00000000    0x33ac5 ./Sources/Sources/applic.o
 .comment       0x00000000       0x71 ./Sources/Sources/applic.o
 .ARM.attributes
                0x00000000       0x32 ./Sources/Sources/applic.o
 .debug_frame   0x00000000       0x34 ./Sources/Sources/applic.o
 .group         0x00000000        0x8 ./Sources/Sources/dma.o
 .group         0x00000000        0x8 ./Sources/Sources/dma.o
 .group         0x00000000        0x8 ./Sources/Sources/dma.o
 .group         0x00000000        0x8 ./Sources/Sources/dma.o
 .group         0x00000000        0x8 ./Sources/Sources/dma.o
 .group         0x00000000        0x8 ./Sources/Sources/dma.o
 .group         0x00000000        0x8 ./Sources/Sources/dma.o
 .group         0x00000000        0x8 ./Sources/Sources/dma.o
 .group         0x00000000        0x8 ./Sources/Sources/dma.o
 .group         0x00000000        0x8 ./Sources/Sources/dma.o
 .group         0x00000000        0x8 ./Sources/Sources/dma.o
 .group         0x00000000        0x8 ./Sources/Sources/dma.o
 .text          0x00000000        0x0 ./Sources/Sources/dma.o
 .data          0x00000000        0x0 ./Sources/Sources/dma.o
 .bss           0x00000000        0x0 ./Sources/Sources/dma.o
 .debug_macro   0x00000000      0x802 ./Sources/Sources/dma.o
 .debug_macro   0x00000000       0x16 ./Sources/Sources/dma.o
 .debug_macro   0x00000000       0x16 ./Sources/Sources/dma.o
 .debug_macro   0x00000000       0x44 ./Sources/Sources/dma.o
 .debug_macro   0x00000000      0x209 ./Sources/Sources/dma.o
 .debug_macro   0x00000000       0x3a ./Sources/Sources/dma.o
 .debug_macro   0x00000000       0x3a ./Sources/Sources/dma.o
 .debug_macro   0x00000000       0x26 ./Sources/Sources/dma.o
 .debug_macro   0x00000000      0x306 ./Sources/Sources/dma.o
 .debug_macro   0x00000000       0x63 ./Sources/Sources/dma.o
 .debug_macro   0x00000000     0x8398 ./Sources/Sources/dma.o
 .group         0x00000000        0x8 ./Sources/Sources/main.o
 .group         0x00000000        0x8 ./Sources/Sources/main.o
 .group         0x00000000        0x8 ./Sources/Sources/main.o
 .group         0x00000000        0x8 ./Sources/Sources/main.o
 .group         0x00000000        0x8 ./Sources/Sources/main.o
 .group         0x00000000        0x8 ./Sources/Sources/main.o
 .group         0x00000000        0x8 ./Sources/Sources/main.o
 .group         0x00000000        0x8 ./Sources/Sources/main.o
 .group         0x00000000        0x8 ./Sources/Sources/main.o
 .group         0x00000000        0x8 ./Sources/Sources/main.o
 .group         0x00000000        0x8 ./Sources/Sources/main.o
 .group         0x00000000        0x8 ./Sources/Sources/main.o
 .group         0x00000000        0x8 ./Sources/Sources/main.o
 .group         0x00000000        0x8 ./Sources/Sources/main.o
 .group         0x00000000        0x8 ./Sources/Sources/main.o
 .group         0x00000000        0x8 ./Sources/Sources/main.o
 .group         0x00000000        0x8 ./Sources/Sources/main.o
 .group         0x00000000        0x8 ./Sources/Sources/main.o
 .group         0x00000000        0x8 ./Sources/Sources/main.o
 .group         0x00000000        0x8 ./Sources/Sources/main.o
 .group         0x00000000        0x8 ./Sources/Sources/main.o
 .group         0x00000000        0x8 ./Sources/Sources/main.o
 .group         0x00000000        0x8 ./Sources/Sources/main.o
 .group         0x00000000        0x8 ./Sources/Sources/main.o
 .group         0x00000000        0x8 ./Sources/Sources/main.o
 .group         0x00000000        0x8 ./Sources/Sources/main.o
 .group         0x00000000        0x8 ./Sources/Sources/main.o
 .group         0x00000000        0x8 ./Sources/Sources/main.o
 .group         0x00000000        0x8 ./Sources/Sources/main.o
 .group         0x00000000        0x8 ./Sources/Sources/main.o
 .group         0x00000000        0x8 ./Sources/Sources/main.o
 .text          0x00000000        0x0 ./Sources/Sources/main.o
 .data          0x00000000        0x0 ./Sources/Sources/main.o
 .bss           0x00000000        0x0 ./Sources/Sources/main.o
 .debug_macro   0x00000000      0x802 ./Sources/Sources/main.o
 .debug_macro   0x00000000       0x16 ./Sources/Sources/main.o
 .debug_macro   0x00000000       0x16 ./Sources/Sources/main.o
 .debug_macro   0x00000000       0x44 ./Sources/Sources/main.o
 .debug_macro   0x00000000      0x209 ./Sources/Sources/main.o
 .debug_macro   0x00000000       0x3a ./Sources/Sources/main.o
 .debug_macro   0x00000000       0x3a ./Sources/Sources/main.o
 .debug_macro   0x00000000       0x26 ./Sources/Sources/main.o
 .debug_macro   0x00000000      0x306 ./Sources/Sources/main.o
 .debug_macro   0x00000000       0x63 ./Sources/Sources/main.o
 .debug_macro   0x00000000     0x8398 ./Sources/Sources/main.o
 .debug_macro   0x00000000       0x10 ./Sources/Sources/main.o
 .debug_macro   0x00000000       0x58 ./Sources/Sources/main.o
 .debug_macro   0x00000000       0x35 ./Sources/Sources/main.o
 .debug_macro   0x00000000       0xa3 ./Sources/Sources/main.o
 .debug_macro   0x00000000       0x16 ./Sources/Sources/main.o
 .debug_macro   0x00000000      0x10e ./Sources/Sources/main.o
 .debug_macro   0x00000000       0x7f ./Sources/Sources/main.o
 .debug_macro   0x00000000       0x52 ./Sources/Sources/main.o
 .debug_macro   0x00000000       0x16 ./Sources/Sources/main.o
 .debug_macro   0x00000000       0x43 ./Sources/Sources/main.o
 .debug_macro   0x00000000      0x180 ./Sources/Sources/main.o
 .debug_macro   0x00000000       0x22 ./Sources/Sources/main.o
 .group         0x00000000        0x8 ./Sources/Sources/pit.o
 .group         0x00000000        0x8 ./Sources/Sources/pit.o
 .group         0x00000000        0x8 ./Sources/Sources/pit.o
 .group         0x00000000        0x8 ./Sources/Sources/pit.o
 .group         0x00000000        0x8 ./Sources/Sources/pit.o
 .group         0x00000000        0x8 ./Sources/Sources/pit.o
 .group         0x00000000        0x8 ./Sources/Sources/pit.o
 .group         0x00000000        0x8 ./Sources/Sources/pit.o
 .group         0x00000000        0x8 ./Sources/Sources/pit.o
 .group         0x00000000        0x8 ./Sources/Sources/pit.o
 .group         0x00000000        0x8 ./Sources/Sources/pit.o
 .group         0x00000000        0x8 ./Sources/Sources/pit.o
 .text          0x00000000        0x0 ./Sources/Sources/pit.o
 .data          0x00000000        0x0 ./Sources/Sources/pit.o
 .bss           0x00000000        0x0 ./Sources/Sources/pit.o
 .debug_macro   0x00000000      0x802 ./Sources/Sources/pit.o
 .debug_macro   0x00000000       0x16 ./Sources/Sources/pit.o
 .debug_macro   0x00000000       0x16 ./Sources/Sources/pit.o
 .debug_macro   0x00000000       0x44 ./Sources/Sources/pit.o
 .debug_macro   0x00000000      0x209 ./Sources/Sources/pit.o
 .debug_macro   0x00000000       0x3a ./Sources/Sources/pit.o
 .debug_macro   0x00000000       0x3a ./Sources/Sources/pit.o
 .debug_macro   0x00000000       0x26 ./Sources/Sources/pit.o
 .debug_macro   0x00000000      0x306 ./Sources/Sources/pit.o
 .debug_macro   0x00000000       0x63 ./Sources/Sources/pit.o
 .debug_macro   0x00000000     0x8398 ./Sources/Sources/pit.o
 .debug_macro   0x00000000       0x10 ./Sources/Sources/pit.o
 .group         0x00000000        0x8 ./Sources/Sources/sa_mtlb.o
 .text          0x00000000        0x0 ./Sources/Sources/sa_mtlb.o
 .data          0x00000000        0x0 ./Sources/Sources/sa_mtlb.o
 .bss           0x00000000        0x0 ./Sources/Sources/sa_mtlb.o
 .debug_info    0x00000000       0x21 ./Sources/Sources/sa_mtlb.o
 .debug_abbrev  0x00000000       0x13 ./Sources/Sources/sa_mtlb.o
 .debug_aranges
                0x00000000       0x18 ./Sources/Sources/sa_mtlb.o
 .debug_macro   0x00000000       0x11 ./Sources/Sources/sa_mtlb.o
 .debug_macro   0x00000000      0x802 ./Sources/Sources/sa_mtlb.o
 .debug_line    0x00000000       0x3d ./Sources/Sources/sa_mtlb.o
 .debug_str     0x00000000     0x22c4 ./Sources/Sources/sa_mtlb.o
 .comment       0x00000000       0x71 ./Sources/Sources/sa_mtlb.o
 .ARM.attributes
                0x00000000       0x32 ./Sources/Sources/sa_mtlb.o
 .group         0x00000000        0x8 ./Sources/Sources/uart.o
 .group         0x00000000        0x8 ./Sources/Sources/uart.o
 .group         0x00000000        0x8 ./Sources/Sources/uart.o
 .group         0x00000000        0x8 ./Sources/Sources/uart.o
 .group         0x00000000        0x8 ./Sources/Sources/uart.o
 .group         0x00000000        0x8 ./Sources/Sources/uart.o
 .group         0x00000000        0x8 ./Sources/Sources/uart.o
 .group         0x00000000        0x8 ./Sources/Sources/uart.o
 .group         0x00000000        0x8 ./Sources/Sources/uart.o
 .group         0x00000000        0x8 ./Sources/Sources/uart.o
 .group         0x00000000        0x8 ./Sources/Sources/uart.o
 .group         0x00000000        0x8 ./Sources/Sources/uart.o
 .group         0x00000000        0x8 ./Sources/Sources/uart.o
 .group         0x00000000        0x8 ./Sources/Sources/uart.o
 .group         0x00000000        0x8 ./Sources/Sources/uart.o
 .group         0x00000000        0x8 ./Sources/Sources/uart.o
 .group         0x00000000        0x8 ./Sources/Sources/uart.o
 .group         0x00000000        0x8 ./Sources/Sources/uart.o
 .group         0x00000000        0x8 ./Sources/Sources/uart.o
 .group         0x00000000        0x8 ./Sources/Sources/uart.o
 .group         0x00000000        0x8 ./Sources/Sources/uart.o
 .group         0x00000000        0x8 ./Sources/Sources/uart.o
 .text          0x00000000        0x0 ./Sources/Sources/uart.o
 .data          0x00000000        0x0 ./Sources/Sources/uart.o
 .bss           0x00000000        0x0 ./Sources/Sources/uart.o
 .text.uart_send
                0x00000000       0x20 ./Sources/Sources/uart.o
 .text.uart_send_length
                0x00000000       0x58 ./Sources/Sources/uart.o
 .text.uart_recieve_byte
                0x00000000       0x14 ./Sources/Sources/uart.o
 .debug_macro   0x00000000      0x802 ./Sources/Sources/uart.o
 .debug_macro   0x00000000       0x16 ./Sources/Sources/uart.o
 .debug_macro   0x00000000       0x16 ./Sources/Sources/uart.o
 .debug_macro   0x00000000       0x44 ./Sources/Sources/uart.o
 .debug_macro   0x00000000      0x209 ./Sources/Sources/uart.o
 .debug_macro   0x00000000       0x3a ./Sources/Sources/uart.o
 .debug_macro   0x00000000       0x3a ./Sources/Sources/uart.o
 .debug_macro   0x00000000       0x26 ./Sources/Sources/uart.o
 .debug_macro   0x00000000      0x306 ./Sources/Sources/uart.o
 .debug_macro   0x00000000       0x63 ./Sources/Sources/uart.o
 .debug_macro   0x00000000     0x8398 ./Sources/Sources/uart.o
 .debug_macro   0x00000000       0x58 ./Sources/Sources/uart.o
 .debug_macro   0x00000000       0x35 ./Sources/Sources/uart.o
 .debug_macro   0x00000000       0xa3 ./Sources/Sources/uart.o
 .debug_macro   0x00000000       0x16 ./Sources/Sources/uart.o
 .debug_macro   0x00000000      0x10e ./Sources/Sources/uart.o
 .debug_macro   0x00000000       0x7f ./Sources/Sources/uart.o
 .debug_macro   0x00000000       0x52 ./Sources/Sources/uart.o
 .debug_macro   0x00000000       0x16 ./Sources/Sources/uart.o
 .debug_macro   0x00000000       0x43 ./Sources/Sources/uart.o
 .debug_macro   0x00000000      0x180 ./Sources/Sources/uart.o
 .debug_macro   0x00000000       0x22 ./Sources/Sources/uart.o
 .data          0x00000000        0x0 ./Project_Settings/Startup_Code/startup_MKL25Z4.o
 .bss           0x00000000        0x0 ./Project_Settings/Startup_Code/startup_MKL25Z4.o
 .group         0x00000000        0x8 ./Project_Settings/Startup_Code/system_MKL25Z4.o
 .group         0x00000000        0x8 ./Project_Settings/Startup_Code/system_MKL25Z4.o
 .group         0x00000000        0x8 ./Project_Settings/Startup_Code/system_MKL25Z4.o
 .group         0x00000000        0x8 ./Project_Settings/Startup_Code/system_MKL25Z4.o
 .group         0x00000000        0x8 ./Project_Settings/Startup_Code/system_MKL25Z4.o
 .group         0x00000000        0x8 ./Project_Settings/Startup_Code/system_MKL25Z4.o
 .group         0x00000000        0x8 ./Project_Settings/Startup_Code/system_MKL25Z4.o
 .group         0x00000000        0x8 ./Project_Settings/Startup_Code/system_MKL25Z4.o
 .group         0x00000000        0x8 ./Project_Settings/Startup_Code/system_MKL25Z4.o
 .group         0x00000000        0x8 ./Project_Settings/Startup_Code/system_MKL25Z4.o
 .text          0x00000000        0x0 ./Project_Settings/Startup_Code/system_MKL25Z4.o
 .data          0x00000000        0x0 ./Project_Settings/Startup_Code/system_MKL25Z4.o
 .bss           0x00000000        0x0 ./Project_Settings/Startup_Code/system_MKL25Z4.o
 .data.SystemCoreClock
                0x00000000        0x4 ./Project_Settings/Startup_Code/system_MKL25Z4.o
 .text.SystemCoreClockUpdate
                0x00000000      0x23c ./Project_Settings/Startup_Code/system_MKL25Z4.o
 .debug_macro   0x00000000      0x802 ./Project_Settings/Startup_Code/system_MKL25Z4.o
 .debug_macro   0x00000000       0x16 ./Project_Settings/Startup_Code/system_MKL25Z4.o
 .debug_macro   0x00000000       0x44 ./Project_Settings/Startup_Code/system_MKL25Z4.o
 .debug_macro   0x00000000      0x209 ./Project_Settings/Startup_Code/system_MKL25Z4.o
 .debug_macro   0x00000000       0x4c ./Project_Settings/Startup_Code/system_MKL25Z4.o
 .debug_macro   0x00000000       0x3a ./Project_Settings/Startup_Code/system_MKL25Z4.o
 .debug_macro   0x00000000       0x26 ./Project_Settings/Startup_Code/system_MKL25Z4.o
 .debug_macro   0x00000000      0x306 ./Project_Settings/Startup_Code/system_MKL25Z4.o
 .debug_macro   0x00000000       0x63 ./Project_Settings/Startup_Code/system_MKL25Z4.o
 .debug_macro   0x00000000     0x8398 ./Project_Settings/Startup_Code/system_MKL25Z4.o
 .data          0x00000000        0x0 c:/freescale/kds_v3/toolchain/bin/../lib/gcc/arm-none-eabi/4.8.4/armv6-m\libgcc.a(_udivsi3.o)
 .bss           0x00000000        0x0 c:/freescale/kds_v3/toolchain/bin/../lib/gcc/arm-none-eabi/4.8.4/armv6-m\libgcc.a(_udivsi3.o)
 .data          0x00000000        0x0 c:/freescale/kds_v3/toolchain/bin/../lib/gcc/arm-none-eabi/4.8.4/armv6-m\libgcc.a(_dvmd_tls.o)
 .bss           0x00000000        0x0 c:/freescale/kds_v3/toolchain/bin/../lib/gcc/arm-none-eabi/4.8.4/armv6-m\libgcc.a(_dvmd_tls.o)
 .text          0x00000000       0x40 c:/freescale/kds_v3/toolchain/bin/../lib/gcc/arm-none-eabi/4.8.4/armv6-m\libgcc.a(_fixunsdfsi.o)
 .data          0x00000000        0x0 c:/freescale/kds_v3/toolchain/bin/../lib/gcc/arm-none-eabi/4.8.4/armv6-m\libgcc.a(_fixunsdfsi.o)
 .bss           0x00000000        0x0 c:/freescale/kds_v3/toolchain/bin/../lib/gcc/arm-none-eabi/4.8.4/armv6-m\libgcc.a(_fixunsdfsi.o)
 .ARM.attributes
                0x00000000       0x2c c:/freescale/kds_v3/toolchain/bin/../lib/gcc/arm-none-eabi/4.8.4/armv6-m\libgcc.a(_fixunsdfsi.o)
 .debug_frame   0x00000000       0x2c c:/freescale/kds_v3/toolchain/bin/../lib/gcc/arm-none-eabi/4.8.4/armv6-m\libgcc.a(_fixunsdfsi.o)
 .text          0x00000000      0x520 c:/freescale/kds_v3/toolchain/bin/../lib/gcc/arm-none-eabi/4.8.4/armv6-m\libgcc.a(muldf3.o)
 .data          0x00000000        0x0 c:/freescale/kds_v3/toolchain/bin/../lib/gcc/arm-none-eabi/4.8.4/armv6-m\libgcc.a(muldf3.o)
 .bss           0x00000000        0x0 c:/freescale/kds_v3/toolchain/bin/../lib/gcc/arm-none-eabi/4.8.4/armv6-m\libgcc.a(muldf3.o)
 .rodata        0x00000000       0x40 c:/freescale/kds_v3/toolchain/bin/../lib/gcc/arm-none-eabi/4.8.4/armv6-m\libgcc.a(muldf3.o)
 .ARM.attributes
                0x00000000       0x2c c:/freescale/kds_v3/toolchain/bin/../lib/gcc/arm-none-eabi/4.8.4/armv6-m\libgcc.a(muldf3.o)
 .debug_frame   0x00000000       0x3c c:/freescale/kds_v3/toolchain/bin/../lib/gcc/arm-none-eabi/4.8.4/armv6-m\libgcc.a(muldf3.o)
 .text          0x00000000      0x668 c:/freescale/kds_v3/toolchain/bin/../lib/gcc/arm-none-eabi/4.8.4/armv6-m\libgcc.a(subdf3.o)
 .data          0x00000000        0x0 c:/freescale/kds_v3/toolchain/bin/../lib/gcc/arm-none-eabi/4.8.4/armv6-m\libgcc.a(subdf3.o)
 .bss           0x00000000        0x0 c:/freescale/kds_v3/toolchain/bin/../lib/gcc/arm-none-eabi/4.8.4/armv6-m\libgcc.a(subdf3.o)
 .ARM.attributes
                0x00000000       0x2c c:/freescale/kds_v3/toolchain/bin/../lib/gcc/arm-none-eabi/4.8.4/armv6-m\libgcc.a(subdf3.o)
 .debug_frame   0x00000000       0x3c c:/freescale/kds_v3/toolchain/bin/../lib/gcc/arm-none-eabi/4.8.4/armv6-m\libgcc.a(subdf3.o)
 .text          0x00000000       0x68 c:/freescale/kds_v3/toolchain/bin/../lib/gcc/arm-none-eabi/4.8.4/armv6-m\libgcc.a(fixdfsi.o)
 .data          0x00000000        0x0 c:/freescale/kds_v3/toolchain/bin/../lib/gcc/arm-none-eabi/4.8.4/armv6-m\libgcc.a(fixdfsi.o)
 .bss           0x00000000        0x0 c:/freescale/kds_v3/toolchain/bin/../lib/gcc/arm-none-eabi/4.8.4/armv6-m\libgcc.a(fixdfsi.o)
 .ARM.attributes
                0x00000000       0x2c c:/freescale/kds_v3/toolchain/bin/../lib/gcc/arm-none-eabi/4.8.4/armv6-m\libgcc.a(fixdfsi.o)
 .debug_frame   0x00000000       0x2c c:/freescale/kds_v3/toolchain/bin/../lib/gcc/arm-none-eabi/4.8.4/armv6-m\libgcc.a(fixdfsi.o)
 .text          0x00000000       0x7c c:/freescale/kds_v3/toolchain/bin/../lib/gcc/arm-none-eabi/4.8.4/armv6-m\libgcc.a(floatsidf.o)
 .data          0x00000000        0x0 c:/freescale/kds_v3/toolchain/bin/../lib/gcc/arm-none-eabi/4.8.4/armv6-m\libgcc.a(floatsidf.o)
 .bss           0x00000000        0x0 c:/freescale/kds_v3/toolchain/bin/../lib/gcc/arm-none-eabi/4.8.4/armv6-m\libgcc.a(floatsidf.o)
 .ARM.attributes
                0x00000000       0x2c c:/freescale/kds_v3/toolchain/bin/../lib/gcc/arm-none-eabi/4.8.4/armv6-m\libgcc.a(floatsidf.o)
 .debug_frame   0x00000000       0x30 c:/freescale/kds_v3/toolchain/bin/../lib/gcc/arm-none-eabi/4.8.4/armv6-m\libgcc.a(floatsidf.o)
 .text          0x00000000       0x7c c:/freescale/kds_v3/toolchain/bin/../lib/gcc/arm-none-eabi/4.8.4/armv6-m\libgcc.a(_arm_cmpdf2.o)
 .data          0x00000000        0x0 c:/freescale/kds_v3/toolchain/bin/../lib/gcc/arm-none-eabi/4.8.4/armv6-m\libgcc.a(_arm_cmpdf2.o)
 .bss           0x00000000        0x0 c:/freescale/kds_v3/toolchain/bin/../lib/gcc/arm-none-eabi/4.8.4/armv6-m\libgcc.a(_arm_cmpdf2.o)
 .ARM.attributes
                0x00000000       0x1e c:/freescale/kds_v3/toolchain/bin/../lib/gcc/arm-none-eabi/4.8.4/armv6-m\libgcc.a(_arm_cmpdf2.o)
 .text          0x00000000       0x3c c:/freescale/kds_v3/toolchain/bin/../lib/gcc/arm-none-eabi/4.8.4/armv6-m\libgcc.a(_clzsi2.o)
 .data          0x00000000        0x0 c:/freescale/kds_v3/toolchain/bin/../lib/gcc/arm-none-eabi/4.8.4/armv6-m\libgcc.a(_clzsi2.o)
 .bss           0x00000000        0x0 c:/freescale/kds_v3/toolchain/bin/../lib/gcc/arm-none-eabi/4.8.4/armv6-m\libgcc.a(_clzsi2.o)
 .ARM.attributes
                0x00000000       0x1e c:/freescale/kds_v3/toolchain/bin/../lib/gcc/arm-none-eabi/4.8.4/armv6-m\libgcc.a(_clzsi2.o)
 .text          0x00000000       0x94 c:/freescale/kds_v3/toolchain/bin/../lib/gcc/arm-none-eabi/4.8.4/armv6-m\libgcc.a(eqdf2.o)
 .data          0x00000000        0x0 c:/freescale/kds_v3/toolchain/bin/../lib/gcc/arm-none-eabi/4.8.4/armv6-m\libgcc.a(eqdf2.o)
 .bss           0x00000000        0x0 c:/freescale/kds_v3/toolchain/bin/../lib/gcc/arm-none-eabi/4.8.4/armv6-m\libgcc.a(eqdf2.o)
 .ARM.attributes
                0x00000000       0x2c c:/freescale/kds_v3/toolchain/bin/../lib/gcc/arm-none-eabi/4.8.4/armv6-m\libgcc.a(eqdf2.o)
 .debug_frame   0x00000000       0x3c c:/freescale/kds_v3/toolchain/bin/../lib/gcc/arm-none-eabi/4.8.4/armv6-m\libgcc.a(eqdf2.o)
 .text          0x00000000       0xfc c:/freescale/kds_v3/toolchain/bin/../lib/gcc/arm-none-eabi/4.8.4/armv6-m\libgcc.a(gedf2.o)
 .data          0x00000000        0x0 c:/freescale/kds_v3/toolchain/bin/../lib/gcc/arm-none-eabi/4.8.4/armv6-m\libgcc.a(gedf2.o)
 .bss           0x00000000        0x0 c:/freescale/kds_v3/toolchain/bin/../lib/gcc/arm-none-eabi/4.8.4/armv6-m\libgcc.a(gedf2.o)
 .ARM.attributes
                0x00000000       0x2c c:/freescale/kds_v3/toolchain/bin/../lib/gcc/arm-none-eabi/4.8.4/armv6-m\libgcc.a(gedf2.o)
 .debug_frame   0x00000000       0x38 c:/freescale/kds_v3/toolchain/bin/../lib/gcc/arm-none-eabi/4.8.4/armv6-m\libgcc.a(gedf2.o)
 .text          0x00000000       0xfc c:/freescale/kds_v3/toolchain/bin/../lib/gcc/arm-none-eabi/4.8.4/armv6-m\libgcc.a(ledf2.o)
 .data          0x00000000        0x0 c:/freescale/kds_v3/toolchain/bin/../lib/gcc/arm-none-eabi/4.8.4/armv6-m\libgcc.a(ledf2.o)
 .bss           0x00000000        0x0 c:/freescale/kds_v3/toolchain/bin/../lib/gcc/arm-none-eabi/4.8.4/armv6-m\libgcc.a(ledf2.o)
 .ARM.attributes
                0x00000000       0x2c c:/freescale/kds_v3/toolchain/bin/../lib/gcc/arm-none-eabi/4.8.4/armv6-m\libgcc.a(ledf2.o)
 .debug_frame   0x00000000       0x3c c:/freescale/kds_v3/toolchain/bin/../lib/gcc/arm-none-eabi/4.8.4/armv6-m\libgcc.a(ledf2.o)
 .text          0x00000000        0x0 c:/freescale/kds_v3/toolchain/bin/../lib/gcc/arm-none-eabi/4.8.4/../../../../arm-none-eabi/lib/armv6-m\libg_s.a(lib_a-exit.o)
 .data          0x00000000        0x0 c:/freescale/kds_v3/toolchain/bin/../lib/gcc/arm-none-eabi/4.8.4/../../../../arm-none-eabi/lib/armv6-m\libg_s.a(lib_a-exit.o)
 .bss           0x00000000        0x0 c:/freescale/kds_v3/toolchain/bin/../lib/gcc/arm-none-eabi/4.8.4/../../../../arm-none-eabi/lib/armv6-m\libg_s.a(lib_a-exit.o)
 .text          0x00000000        0x0 c:/freescale/kds_v3/toolchain/bin/../lib/gcc/arm-none-eabi/4.8.4/../../../../arm-none-eabi/lib/armv6-m\libg_s.a(lib_a-impure.o)
 .data          0x00000000        0x0 c:/freescale/kds_v3/toolchain/bin/../lib/gcc/arm-none-eabi/4.8.4/../../../../arm-none-eabi/lib/armv6-m\libg_s.a(lib_a-impure.o)
 .bss           0x00000000        0x0 c:/freescale/kds_v3/toolchain/bin/../lib/gcc/arm-none-eabi/4.8.4/../../../../arm-none-eabi/lib/armv6-m\libg_s.a(lib_a-impure.o)
 .data._impure_ptr
                0x00000000        0x4 c:/freescale/kds_v3/toolchain/bin/../lib/gcc/arm-none-eabi/4.8.4/../../../../arm-none-eabi/lib/armv6-m\libg_s.a(lib_a-impure.o)
 .text          0x00000000        0x0 c:/freescale/kds_v3/toolchain/bin/../lib/gcc/arm-none-eabi/4.8.4/../../../../arm-none-eabi/lib/armv6-m\libg_s.a(lib_a-init.o)
 .data          0x00000000        0x0 c:/freescale/kds_v3/toolchain/bin/../lib/gcc/arm-none-eabi/4.8.4/../../../../arm-none-eabi/lib/armv6-m\libg_s.a(lib_a-init.o)
 .bss           0x00000000        0x0 c:/freescale/kds_v3/toolchain/bin/../lib/gcc/arm-none-eabi/4.8.4/../../../../arm-none-eabi/lib/armv6-m\libg_s.a(lib_a-init.o)
 .text          0x00000000        0x0 c:/freescale/kds_v3/toolchain/bin/../lib/gcc/arm-none-eabi/4.8.4/../../../../arm-none-eabi/lib/armv6-m\libg_s.a(lib_a-memset.o)
 .data          0x00000000        0x0 c:/freescale/kds_v3/toolchain/bin/../lib/gcc/arm-none-eabi/4.8.4/../../../../arm-none-eabi/lib/armv6-m\libg_s.a(lib_a-memset.o)
 .bss           0x00000000        0x0 c:/freescale/kds_v3/toolchain/bin/../lib/gcc/arm-none-eabi/4.8.4/../../../../arm-none-eabi/lib/armv6-m\libg_s.a(lib_a-memset.o)
 .text          0x00000000        0x0 c:/freescale/kds_v3/toolchain/bin/../lib/gcc/arm-none-eabi/4.8.4/../../../../arm-none-eabi/lib/armv6-m\libnosys.a(_exit.o)
 .data          0x00000000        0x0 c:/freescale/kds_v3/toolchain/bin/../lib/gcc/arm-none-eabi/4.8.4/../../../../arm-none-eabi/lib/armv6-m\libnosys.a(_exit.o)
 .bss           0x00000000        0x0 c:/freescale/kds_v3/toolchain/bin/../lib/gcc/arm-none-eabi/4.8.4/../../../../arm-none-eabi/lib/armv6-m\libnosys.a(_exit.o)
 .text          0x00000000        0x0 c:/freescale/kds_v3/toolchain/bin/../lib/gcc/arm-none-eabi/4.8.4/armv6-m/crtend.o
 .data          0x00000000        0x0 c:/freescale/kds_v3/toolchain/bin/../lib/gcc/arm-none-eabi/4.8.4/armv6-m/crtend.o
 .bss           0x00000000        0x0 c:/freescale/kds_v3/toolchain/bin/../lib/gcc/arm-none-eabi/4.8.4/armv6-m/crtend.o
 .eh_frame      0x00000000        0x4 c:/freescale/kds_v3/toolchain/bin/../lib/gcc/arm-none-eabi/4.8.4/armv6-m/crtend.o
 .text          0x00000000        0x0 c:/freescale/kds_v3/toolchain/bin/../lib/gcc/arm-none-eabi/4.8.4/armv6-m/crtn.o
 .data          0x00000000        0x0 c:/freescale/kds_v3/toolchain/bin/../lib/gcc/arm-none-eabi/4.8.4/armv6-m/crtn.o
 .bss           0x00000000        0x0 c:/freescale/kds_v3/toolchain/bin/../lib/gcc/arm-none-eabi/4.8.4/armv6-m/crtn.o

Memory Configuration

Name             Origin             Length             Attributes
m_interrupts     0x00000000         0x00000100         xr
m_flash_config   0x00000400         0x00000010         xr
m_text           0x00000410         0x00007bf0         xr
m_data           0x1ffffc00         0x00001000         rw
*default*        0x00000000         0xffffffff

Linker script and memory map

LOAD c:/freescale/kds_v3/toolchain/bin/../lib/gcc/arm-none-eabi/4.8.4/armv6-m/crti.o
LOAD c:/freescale/kds_v3/toolchain/bin/../lib/gcc/arm-none-eabi/4.8.4/armv6-m/crtbegin.o
LOAD c:/freescale/kds_v3/toolchain/bin/../lib/gcc/arm-none-eabi/4.8.4/../../../../arm-none-eabi/lib/armv6-m/crt0.o
LOAD ./Sources/Sources/adc.o
LOAD ./Sources/Sources/applic.o
LOAD ./Sources/Sources/dma.o
LOAD ./Sources/Sources/main.o
LOAD ./Sources/Sources/pit.o
LOAD ./Sources/Sources/sa_mtlb.o
LOAD ./Sources/Sources/uart.o
LOAD ./Project_Settings/Startup_Code/startup_MKL25Z4.o
LOAD ./Project_Settings/Startup_Code/system_MKL25Z4.o
LOAD c:/freescale/kds_v3/toolchain/bin/../lib/gcc/arm-none-eabi/4.8.4/../../../../arm-none-eabi/lib/armv6-m\libstdc++_s.a
LOAD c:/freescale/kds_v3/toolchain/bin/../lib/gcc/arm-none-eabi/4.8.4/../../../../arm-none-eabi/lib/armv6-m\libm.a
START GROUP
LOAD c:/freescale/kds_v3/toolchain/bin/../lib/gcc/arm-none-eabi/4.8.4/armv6-m\libgcc.a
LOAD c:/freescale/kds_v3/toolchain/bin/../lib/gcc/arm-none-eabi/4.8.4/../../../../arm-none-eabi/lib/armv6-m\libg_s.a
LOAD c:/freescale/kds_v3/toolchain/bin/../lib/gcc/arm-none-eabi/4.8.4/../../../../arm-none-eabi/lib/armv6-m\libc_s.a
END GROUP
START GROUP
LOAD c:/freescale/kds_v3/toolchain/bin/../lib/gcc/arm-none-eabi/4.8.4/armv6-m\libgcc.a
LOAD c:/freescale/kds_v3/toolchain/bin/../lib/gcc/arm-none-eabi/4.8.4/../../../../arm-none-eabi/lib/armv6-m\libc_s.a
LOAD c:/freescale/kds_v3/toolchain/bin/../lib/gcc/arm-none-eabi/4.8.4/../../../../arm-none-eabi/lib/armv6-m\libnosys.a
END GROUP
START GROUP
LOAD c:/freescale/kds_v3/toolchain/bin/../lib/gcc/arm-none-eabi/4.8.4/armv6-m\libgcc.a
LOAD c:/freescale/kds_v3/toolchain/bin/../lib/gcc/arm-none-eabi/4.8.4/../../../../arm-none-eabi/lib/armv6-m\libc_s.a
LOAD c:/freescale/kds_v3/toolchain/bin/../lib/gcc/arm-none-eabi/4.8.4/../../../../arm-none-eabi/lib/armv6-m\libnosys.a
END GROUP
LOAD c:/freescale/kds_v3/toolchain/bin/../lib/gcc/arm-none-eabi/4.8.4/armv6-m/crtend.o
LOAD c:/freescale/kds_v3/toolchain/bin/../lib/gcc/arm-none-eabi/4.8.4/armv6-m/crtn.o
                0x00000200                HEAP_SIZE = DEFINED (__heap_size__)?__heap_size__:0x200
                0x00000100                STACK_SIZE = DEFINED (__stack_size__)?__stack_size__:0x100

.interrupts     0x00000000       0xc0
                0x00000000                __VECTOR_TABLE = .
                0x00000000                . = ALIGN (0x4)
 *(.isr_vector)
 .isr_vector    0x00000000       0xc0 ./Project_Settings/Startup_Code/startup_MKL25Z4.o
                0x00000000                __isr_vector
                0x000000c0                . = ALIGN (0x4)

.flash_config   0x00000400       0x10
                0x00000400                . = ALIGN (0x4)
 *(.FlashConfig)
 .FlashConfig   0x00000400       0x10 ./Project_Settings/Startup_Code/startup_MKL25Z4.o
                0x00000410                . = ALIGN (0x4)

.text           0x00000410      0x78c
                0x00000410                . = ALIGN (0x4)
 *(.text)
 .text          0x00000410       0x60 c:/freescale/kds_v3/toolchain/bin/../lib/gcc/arm-none-eabi/4.8.4/armv6-m/crtbegin.o
 .text          0x00000470       0x78 c:/freescale/kds_v3/toolchain/bin/../lib/gcc/arm-none-eabi/4.8.4/../../../../arm-none-eabi/lib/armv6-m/crt0.o
                0x00000470                _start
                0x00000470                _mainCRTStartup
 .text          0x000004e8       0x34 ./Project_Settings/Startup_Code/startup_MKL25Z4.o
                0x000004e8                Reset_Handler
                0x00000514                HardFault_Handler
                0x00000514                SysTick_Handler
                0x00000514                PendSV_Handler
                0x00000514                NMI_Handler
                0x00000514                I2C1_IRQHandler
                0x00000514                UART1_IRQHandler
                0x00000514                DMA2_IRQHandler
                0x00000514                TPM0_IRQHandler
                0x00000514                LLWU_IRQHandler
                0x00000514                TSI0_IRQHandler
                0x00000514                ADC0_IRQHandler
                0x00000514                Reserved39_IRQHandler
                0x00000514                SPI1_IRQHandler
                0x00000514                DefaultISR
                0x00000514                PORTD_IRQHandler
                0x00000514                TPM2_IRQHandler
                0x00000514                RTC_IRQHandler
                0x00000514                I2C0_IRQHandler
                0x00000514                RTC_Seconds_IRQHandler
                0x00000514                MCG_IRQHandler
                0x00000514                UART2_IRQHandler
                0x00000514                Reserved20_IRQHandler
                0x00000514                USB0_IRQHandler
                0x00000514                PIT_IRQHandler
                0x00000514                SVC_Handler
                0x00000514                DMA3_IRQHandler
                0x00000514                DAC0_IRQHandler
                0x00000514                Reserved45_IRQHandler
                0x00000514                TPM1_IRQHandler
                0x00000514                LVD_LVW_IRQHandler
                0x00000514                SPI0_IRQHandler
                0x00000514                PORTA_IRQHandler
                0x00000514                FTFA_IRQHandler
                0x00000514                LPTMR0_IRQHandler
                0x00000514                CMP0_IRQHandler
                0x00000514                DMA1_IRQHandler
 .text          0x0000051c       0x9c c:/freescale/kds_v3/toolchain/bin/../lib/gcc/arm-none-eabi/4.8.4/armv6-m\libgcc.a(_udivsi3.o)
                0x0000051c                __aeabi_uidiv
                0x0000051c                __udivsi3
                0x000005a4                __aeabi_uidivmod
 .text          0x000005b8        0x4 c:/freescale/kds_v3/toolchain/bin/../lib/gcc/arm-none-eabi/4.8.4/armv6-m\libgcc.a(_dvmd_tls.o)
                0x000005b8                __aeabi_idiv0
                0x000005b8                __aeabi_ldiv0
 *(.text*)
 .text.adc_init
                0x000005bc       0x68 ./Sources/Sources/adc.o
                0x000005bc                adc_init
 .text.adc_read
                0x00000624       0x40 ./Sources/Sources/adc.o
                0x00000624                adc_read
 .text.NVIC_EnableIRQ
                0x00000664       0x2c ./Sources/Sources/dma.o
 .text.dma_init
                0x00000690       0xa4 ./Sources/Sources/dma.o
                0x00000690                dma_init
 .text.DMA0_IRQHandler
                0x00000734       0x5c ./Sources/Sources/dma.o
                0x00000734                DMA0_IRQHandler
 .text.main     0x00000790       0xb8 ./Sources/Sources/main.o
                0x00000790                main
 .text.pit_init
                0x00000848       0x40 ./Sources/Sources/pit.o
                0x00000848                pit_init
 .text.NVIC_EnableIRQ
                0x00000888       0x2c ./Sources/Sources/uart.o
 .text.NVIC_SetPriority
                0x000008b4       0xe0 ./Sources/Sources/uart.o
 .text.uart_init
                0x00000994       0xec ./Sources/Sources/uart.o
                0x00000994                uart_init
 .text.UART0_IRQHandler
                0x00000a80       0x58 ./Sources/Sources/uart.o
                0x00000a80                UART0_IRQHandler
 .text.SystemInit
                0x00000ad8       0x18 ./Project_Settings/Startup_Code/system_MKL25Z4.o
                0x00000ad8                SystemInit
 .text.exit     0x00000af0       0x2c c:/freescale/kds_v3/toolchain/bin/../lib/gcc/arm-none-eabi/4.8.4/../../../../arm-none-eabi/lib/armv6-m\libg_s.a(lib_a-exit.o)
                0x00000af0                exit
 .text.__libc_init_array
                0x00000b1c       0x4c c:/freescale/kds_v3/toolchain/bin/../lib/gcc/arm-none-eabi/4.8.4/../../../../arm-none-eabi/lib/armv6-m\libg_s.a(lib_a-init.o)
                0x00000b1c                __libc_init_array
 .text.memset   0x00000b68       0x10 c:/freescale/kds_v3/toolchain/bin/../lib/gcc/arm-none-eabi/4.8.4/../../../../arm-none-eabi/lib/armv6-m\libg_s.a(lib_a-memset.o)
                0x00000b68                memset
 .text._exit    0x00000b78        0x4 c:/freescale/kds_v3/toolchain/bin/../lib/gcc/arm-none-eabi/4.8.4/../../../../arm-none-eabi/lib/armv6-m\libnosys.a(_exit.o)
                0x00000b78                _exit
 *(.rodata)
 *(.rodata*)
 .rodata.str1.1
                0x00000b7c        0x2 c:/freescale/kds_v3/toolchain/bin/../lib/gcc/arm-none-eabi/4.8.4/../../../../arm-none-eabi/lib/armv6-m\libg_s.a(lib_a-impure.o)
 *fill*         0x00000b7e        0x2 
 .rodata._global_impure_ptr
                0x00000b80        0x4 c:/freescale/kds_v3/toolchain/bin/../lib/gcc/arm-none-eabi/4.8.4/../../../../arm-none-eabi/lib/armv6-m\libg_s.a(lib_a-impure.o)
                0x00000b80                _global_impure_ptr
 *(.glue_7)
 .glue_7        0x00000000        0x0 linker stubs
 *(.glue_7t)
 .glue_7t       0x00000000        0x0 linker stubs
 *(.eh_frame)
 .eh_frame      0x00000b84        0x0 c:/freescale/kds_v3/toolchain/bin/../lib/gcc/arm-none-eabi/4.8.4/armv6-m/crtbegin.o
 *(.init)
 .init          0x00000b84        0x4 c:/freescale/kds_v3/toolchain/bin/../lib/gcc/arm-none-eabi/4.8.4/armv6-m/crti.o
                0x00000b84                _init
 .init          0x00000b88        0x8 c:/freescale/kds_v3/toolchain/bin/../lib/gcc/arm-none-eabi/4.8.4/armv6-m/crtn.o
 *(.fini)
 .fini          0x00000b90        0x4 c:/freescale/kds_v3/toolchain/bin/../lib/gcc/arm-none-eabi/4.8.4/armv6-m/crti.o
                0x00000b90                _fini
 .fini          0x00000b94        0x8 c:/freescale/kds_v3/toolchain/bin/../lib/gcc/arm-none-eabi/4.8.4/armv6-m/crtn.o
                0x00000b9c                . = ALIGN (0x4)

.vfp11_veneer   0x00000b9c        0x0
 .vfp11_veneer  0x00000000        0x0 linker stubs

.v4_bx          0x00000b9c        0x0
 .v4_bx         0x00000000        0x0 linker stubs

.iplt           0x00000b9c        0x0
 .iplt          0x00000000        0x0 c:/freescale/kds_v3/toolchain/bin/../lib/gcc/arm-none-eabi/4.8.4/armv6-m/crtbegin.o

.ARM.extab
 *(.ARM.extab* .gnu.linkonce.armextab.*)

.ARM            0x00000b9c        0x8
                0x00000b9c                __exidx_start = .
 *(.ARM.exidx*)
 .ARM.exidx     0x00000b9c        0x8 c:/freescale/kds_v3/toolchain/bin/../lib/gcc/arm-none-eabi/4.8.4/../../../../arm-none-eabi/lib/armv6-m/crt0.o
                0x00000ba4                __exidx_end = .

.rel.dyn        0x00000ba4        0x0
 .rel.iplt      0x00000000        0x0 c:/freescale/kds_v3/toolchain/bin/../lib/gcc/arm-none-eabi/4.8.4/armv6-m/crtbegin.o

.ctors          0x00000ba4        0x0
                0x00000ba4                __CTOR_LIST__ = .
 *crtbegin.o(.ctors)
 *crtbegin?.o(.ctors)
 *(EXCLUDE_FILE(*crtend.o *crtend?.o) .ctors)
 *(SORT(.ctors.*))
 *(.ctors)
                0x00000ba4                __CTOR_END__ = .

.dtors          0x00000ba4        0x0
                0x00000ba4                __DTOR_LIST__ = .
 *crtbegin.o(.dtors)
 *crtbegin?.o(.dtors)
 *(EXCLUDE_FILE(*crtend.o *crtend?.o) .dtors)
 *(SORT(.dtors.*))
 *(.dtors)
                0x00000ba4                __DTOR_END__ = .

.preinit_array  0x00000ba4        0x0
                0x00000ba4                PROVIDE (__preinit_array_start, .)
 *(.preinit_array*)
                0x00000ba4                PROVIDE (__preinit_array_end, .)

.init_array     0x00000ba4        0x4
                0x00000ba4                PROVIDE (__init_array_start, .)
 *(SORT(.init_array.*))
 *(.init_array*)
 .init_array    0x00000ba4        0x4 c:/freescale/kds_v3/toolchain/bin/../lib/gcc/arm-none-eabi/4.8.4/armv6-m/crtbegin.o
                0x00000ba8                PROVIDE (__init_array_end, .)

.fini_array     0x00000ba8        0x4
                0x00000ba8                PROVIDE (__fini_array_start, .)
 *(SORT(.fini_array.*))
 *(.fini_array*)
 .fini_array    0x00000ba8        0x4 c:/freescale/kds_v3/toolchain/bin/../lib/gcc/arm-none-eabi/4.8.4/armv6-m/crtbegin.o
                0x00000bac                PROVIDE (__fini_array_end, .)
                0x00000bac                __etext = .
                0x00000bac                __DATA_ROM = .

.mtb            0x1ffffc00        0x0
                0x1ffffc00                . = ALIGN (0x8)
                0x1ffffc00                _mtb_start = .
 *(.mtb_buf)
                0x1ffffc00                . = ALIGN (0x8)
                0x1ffffc00                _mtb_end = .

.data           0x1ffffc00       0x68 load address 0x00000bac
                0x1ffffc00                . = ALIGN (0x4)
                0x1ffffc00                __DATA_RAM = .
                0x1ffffc00                __data_start__ = .
 *(.data)
 *(.data*)
 .data.baud     0x1ffffc00        0x4 ./Sources/Sources/main.o
                0x1ffffc00                baud
 .data.impure_data
                0x1ffffc04       0x60 c:/freescale/kds_v3/toolchain/bin/../lib/gcc/arm-none-eabi/4.8.4/../../../../arm-none-eabi/lib/armv6-m\libg_s.a(lib_a-impure.o)
 *(.jcr*)
 .jcr           0x1ffffc64        0x0 c:/freescale/kds_v3/toolchain/bin/../lib/gcc/arm-none-eabi/4.8.4/armv6-m/crtbegin.o
 .jcr           0x1ffffc64        0x4 c:/freescale/kds_v3/toolchain/bin/../lib/gcc/arm-none-eabi/4.8.4/armv6-m/crtend.o
                0x1ffffc68                . = ALIGN (0x4)
                0x1ffffc68                __data_end__ = .
                0x00000c14                __DATA_END = (__DATA_ROM + (__data_end__ - __data_start__))

.igot.plt       0x1ffffc68        0x0 load address 0x00000c14
 .igot.plt      0x00000000        0x0 c:/freescale/kds_v3/toolchain/bin/../lib/gcc/arm-none-eabi/4.8.4/armv6-m/crtbegin.o

.bss            0x1ffffc68       0xa8 load address 0x00000c14
                0x1ffffc68                . = ALIGN (0x4)
                0x1ffffc68                __START_BSS = .
                0x1ffffc68                __bss_start__ = .
 *(.bss)
 .bss           0x1ffffc68       0x1c c:/freescale/kds_v3/toolchain/bin/../lib/gcc/arm-none-eabi/4.8.4/armv6-m/crtbegin.o
 *(.bss*)
 *(COMMON)
 COMMON         0x1ffffc84       0x84 ./Sources/Sources/dma.o
                0x1ffffc84                ready
                0x1ffffc88                value
 COMMON         0x1ffffd08        0x5 ./Sources/Sources/uart.o
                0x1ffffd08                point
                0x1ffffd0c                rec1
                0x1ffffd10                . = ALIGN (0x4)
 *fill*         0x1ffffd0d        0x3 
                0x1ffffd10                __bss_end__ = .
                0x1ffffd10                __END_BSS = .

.heap           0x1ffffd10      0x200 load address 0x00000cbc
                0x1ffffd10                . = ALIGN (0x8)
                0x1ffffd10                __end__ = .
                0x1ffffd10                PROVIDE (end, .)
                0x1ffffd10                __HeapBase = .
                0x1fffff10                . = (. + HEAP_SIZE)
 *fill*         0x1ffffd10      0x200 
                0x1fffff10                __HeapLimit = .

.stack          0x1fffff10      0x100 load address 0x00000ebc
                0x1fffff10                . = ALIGN (0x8)
                0x20000010                . = (. + STACK_SIZE)
 *fill*         0x1fffff10      0x100 
                0x20000c00                __StackTop = (ORIGIN (m_data) + 0x1000)
                0x20000b00                __StackLimit = (__StackTop - STACK_SIZE)
                0x20000c00                PROVIDE (__stack, __StackTop)

.ARM.attributes
                0x00000000       0x28
 *(.ARM.attributes)
 .ARM.attributes
                0x00000000       0x1e c:/freescale/kds_v3/toolchain/bin/../lib/gcc/arm-none-eabi/4.8.4/armv6-m/crti.o
 .ARM.attributes
                0x0000001e       0x2c c:/freescale/kds_v3/toolchain/bin/../lib/gcc/arm-none-eabi/4.8.4/armv6-m/crtbegin.o
 .ARM.attributes
                0x0000004a       0x1b c:/freescale/kds_v3/toolchain/bin/../lib/gcc/arm-none-eabi/4.8.4/../../../../arm-none-eabi/lib/armv6-m/crt0.o
 .ARM.attributes
                0x00000065       0x32 ./Sources/Sources/adc.o
 .ARM.attributes
                0x00000097       0x32 ./Sources/Sources/dma.o
 .ARM.attributes
                0x000000c9       0x32 ./Sources/Sources/main.o
 .ARM.attributes
                0x000000fb       0x32 ./Sources/Sources/pit.o
 .ARM.attributes
                0x0000012d       0x32 ./Sources/Sources/uart.o
 .ARM.attributes
                0x0000015f       0x1b ./Project_Settings/Startup_Code/startup_MKL25Z4.o
 .ARM.attributes
                0x0000017a       0x32 ./Project_Settings/Startup_Code/system_MKL25Z4.o
 .ARM.attributes
                0x000001ac       0x1e c:/freescale/kds_v3/toolchain/bin/../lib/gcc/arm-none-eabi/4.8.4/armv6-m\libgcc.a(_udivsi3.o)
 .ARM.attributes
                0x000001ca       0x1e c:/freescale/kds_v3/toolchain/bin/../lib/gcc/arm-none-eabi/4.8.4/armv6-m\libgcc.a(_dvmd_tls.o)
 .ARM.attributes
                0x000001e8       0x2c c:/freescale/kds_v3/toolchain/bin/../lib/gcc/arm-none-eabi/4.8.4/../../../../arm-none-eabi/lib/armv6-m\libg_s.a(lib_a-exit.o)
 .ARM.attributes
                0x00000214       0x2c c:/freescale/kds_v3/toolchain/bin/../lib/gcc/arm-none-eabi/4.8.4/../../../../arm-none-eabi/lib/armv6-m\libg_s.a(lib_a-impure.o)
 .ARM.attributes
                0x00000240       0x2c c:/freescale/kds_v3/toolchain/bin/../lib/gcc/arm-none-eabi/4.8.4/../../../../arm-none-eabi/lib/armv6-m\libg_s.a(lib_a-init.o)
 .ARM.attributes
                0x0000026c       0x2c c:/freescale/kds_v3/toolchain/bin/../lib/gcc/arm-none-eabi/4.8.4/../../../../arm-none-eabi/lib/armv6-m\libg_s.a(lib_a-memset.o)
 .ARM.attributes
                0x00000298       0x2c c:/freescale/kds_v3/toolchain/bin/../lib/gcc/arm-none-eabi/4.8.4/../../../../arm-none-eabi/lib/armv6-m\libnosys.a(_exit.o)
 .ARM.attributes
                0x000002c4       0x2c c:/freescale/kds_v3/toolchain/bin/../lib/gcc/arm-none-eabi/4.8.4/armv6-m/crtend.o
 .ARM.attributes
                0x000002f0       0x1e c:/freescale/kds_v3/toolchain/bin/../lib/gcc/arm-none-eabi/4.8.4/armv6-m/crtn.o
                0x00000001                ASSERT ((__StackLimit >= __HeapLimit), region m_data overflowed with stack and heap)
OUTPUT(project3_new.elf elf32-littlearm)

.debug_info     0x00000000     0x1e70
 .debug_info    0x00000000      0x44b ./Sources/Sources/adc.o
 .debug_info    0x0000044b      0x80a ./Sources/Sources/dma.o
 .debug_info    0x00000c55      0x26f ./Sources/Sources/main.o
 .debug_info    0x00000ec4      0x37d ./Sources/Sources/pit.o
 .debug_info    0x00001241      0x7b3 ./Sources/Sources/uart.o
 .debug_info    0x000019f4       0x8f ./Project_Settings/Startup_Code/startup_MKL25Z4.o
 .debug_info    0x00001a83      0x3ed ./Project_Settings/Startup_Code/system_MKL25Z4.o

.debug_abbrev   0x00000000      0x716
 .debug_abbrev  0x00000000      0x107 ./Sources/Sources/adc.o
 .debug_abbrev  0x00000107      0x194 ./Sources/Sources/dma.o
 .debug_abbrev  0x0000029b       0xdd ./Sources/Sources/main.o
 .debug_abbrev  0x00000378       0xcf ./Sources/Sources/pit.o
 .debug_abbrev  0x00000447      0x1b2 ./Sources/Sources/uart.o
 .debug_abbrev  0x000005f9       0x14 ./Project_Settings/Startup_Code/startup_MKL25Z4.o
 .debug_abbrev  0x0000060d      0x109 ./Project_Settings/Startup_Code/system_MKL25Z4.o

.debug_aranges  0x00000000      0x130
 .debug_aranges
                0x00000000       0x28 ./Sources/Sources/adc.o
 .debug_aranges
                0x00000028       0x30 ./Sources/Sources/dma.o
 .debug_aranges
                0x00000058       0x20 ./Sources/Sources/main.o
 .debug_aranges
                0x00000078       0x20 ./Sources/Sources/pit.o
 .debug_aranges
                0x00000098       0x50 ./Sources/Sources/uart.o
 .debug_aranges
                0x000000e8       0x20 ./Project_Settings/Startup_Code/startup_MKL25Z4.o
 .debug_aranges
                0x00000108       0x28 ./Project_Settings/Startup_Code/system_MKL25Z4.o

.debug_ranges   0x00000000       0xb0
 .debug_ranges  0x00000000       0x18 ./Sources/Sources/adc.o
 .debug_ranges  0x00000018       0x20 ./Sources/Sources/dma.o
 .debug_ranges  0x00000038       0x10 ./Sources/Sources/main.o
 .debug_ranges  0x00000048       0x10 ./Sources/Sources/pit.o
 .debug_ranges  0x00000058       0x40 ./Sources/Sources/uart.o
 .debug_ranges  0x00000098       0x18 ./Project_Settings/Startup_Code/system_MKL25Z4.o

.debug_macro    0x00000000     0x9a22
 .debug_macro   0x00000000       0x8d ./Sources/Sources/adc.o
 .debug_macro   0x0000008d      0x802 ./Sources/Sources/adc.o
 .debug_macro   0x0000088f       0x16 ./Sources/Sources/adc.o
 .debug_macro   0x000008a5       0x16 ./Sources/Sources/adc.o
 .debug_macro   0x000008bb       0x44 ./Sources/Sources/adc.o
 .debug_macro   0x000008ff      0x209 ./Sources/Sources/adc.o
 .debug_macro   0x00000b08       0x3a ./Sources/Sources/adc.o
 .debug_macro   0x00000b42       0x3a ./Sources/Sources/adc.o
 .debug_macro   0x00000b7c       0x26 ./Sources/Sources/adc.o
 .debug_macro   0x00000ba2      0x306 ./Sources/Sources/adc.o
 .debug_macro   0x00000ea8       0x63 ./Sources/Sources/adc.o
 .debug_macro   0x00000f0b     0x8398 ./Sources/Sources/adc.o
 .debug_macro   0x000092a3       0xb4 ./Sources/Sources/dma.o
 .debug_macro   0x00009357       0x10 ./Sources/Sources/dma.o
 .debug_macro   0x00009367      0x1bd ./Sources/Sources/main.o
 .debug_macro   0x00009524       0x1c ./Sources/Sources/main.o
 .debug_macro   0x00009540       0x35 ./Sources/Sources/main.o
 .debug_macro   0x00009575       0x10 ./Sources/Sources/main.o
 .debug_macro   0x00009585       0x10 ./Sources/Sources/main.o
 .debug_macro   0x00009595       0x22 ./Sources/Sources/main.o
 .debug_macro   0x000095b7       0xbd ./Sources/Sources/main.o
 .debug_macro   0x00009674       0x16 ./Sources/Sources/main.o
 .debug_macro   0x0000968a      0x14a ./Sources/Sources/main.o
 .debug_macro   0x000097d4       0xa0 ./Sources/Sources/pit.o
 .debug_macro   0x00009874      0x130 ./Sources/Sources/uart.o
 .debug_macro   0x000099a4       0x7e ./Project_Settings/Startup_Code/system_MKL25Z4.o

.debug_line     0x00000000      0xe88
 .debug_line    0x00000000      0x1fa ./Sources/Sources/adc.o
 .debug_line    0x000001fa      0x21e ./Sources/Sources/dma.o
 .debug_line    0x00000418      0x2d5 ./Sources/Sources/main.o
 .debug_line    0x000006ed      0x1e2 ./Sources/Sources/pit.o
 .debug_line    0x000008cf      0x2fe ./Sources/Sources/uart.o
 .debug_line    0x00000bcd       0x7b ./Project_Settings/Startup_Code/startup_MKL25Z4.o
 .debug_line    0x00000c48      0x240 ./Project_Settings/Startup_Code/system_MKL25Z4.o

.debug_str      0x00000000    0x33f7b
 .debug_str     0x00000000    0x31ae9 ./Sources/Sources/adc.o
                              0x31f01 (size before relaxing)
 .debug_str     0x00031ae9      0x2da ./Sources/Sources/dma.o
                              0x321cd (size before relaxing)
 .debug_str     0x00031dc3     0x201e ./Sources/Sources/main.o
                              0x33eb2 (size before relaxing)
 .debug_str     0x00033de1       0x3d ./Sources/Sources/pit.o
                              0x31ee6 (size before relaxing)
 .debug_str     0x00033e1e       0xd1 ./Sources/Sources/uart.o
                              0x337f5 (size before relaxing)
 .debug_str     0x00033eef       0x8c ./Project_Settings/Startup_Code/system_MKL25Z4.o
                              0x31ef6 (size before relaxing)

.comment        0x00000000       0x70
 .comment       0x00000000       0x70 ./Sources/Sources/adc.o
                                 0x71 (size before relaxing)
 .comment       0x00000000       0x71 ./Sources/Sources/dma.o
 .comment       0x00000000       0x71 ./Sources/Sources/main.o
 .comment       0x00000000       0x71 ./Sources/Sources/pit.o
 .comment       0x00000000       0x71 ./Sources/Sources/uart.o
 .comment       0x00000000       0x71 ./Project_Settings/Startup_Code/system_MKL25Z4.o

.debug_frame    0x00000000      0x2fc
 .debug_frame   0x00000000       0x4c ./Sources/Sources/adc.o
 .debug_frame   0x0000004c       0x68 ./Sources/Sources/dma.o
 .debug_frame   0x000000b4       0x30 ./Sources/Sources/main.o
 .debug_frame   0x000000e4       0x2c ./Sources/Sources/pit.o
 .debug_frame   0x00000110       0xec ./Sources/Sources/uart.o
 .debug_frame   0x000001fc       0x4c ./Project_Settings/Startup_Code/system_MKL25Z4.o
 .debug_frame   0x00000248       0x20 c:/freescale/kds_v3/toolchain/bin/../lib/gcc/arm-none-eabi/4.8.4/armv6-m\libgcc.a(_udivsi3.o)
 .debug_frame   0x00000268       0x28 c:/freescale/kds_v3/toolchain/bin/../lib/gcc/arm-none-eabi/4.8.4/../../../../arm-none-eabi/lib/armv6-m\libg_s.a(lib_a-exit.o)
 .debug_frame   0x00000290       0x2c c:/freescale/kds_v3/toolchain/bin/../lib/gcc/arm-none-eabi/4.8.4/../../../../arm-none-eabi/lib/armv6-m\libg_s.a(lib_a-init.o)
 .debug_frame   0x000002bc       0x20 c:/freescale/kds_v3/toolchain/bin/../lib/gcc/arm-none-eabi/4.8.4/../../../../arm-none-eabi/lib/armv6-m\libg_s.a(lib_a-memset.o)
 .debug_frame   0x000002dc       0x20 c:/freescale/kds_v3/toolchain/bin/../lib/gcc/arm-none-eabi/4.8.4/../../../../arm-none-eabi/lib/armv6-m\libnosys.a(_exit.o)
